LIDC-IDRI-LUNA-0000
LIDC-IDRI-LUNA-0001
LIDC-IDRI-LUNA-0002
LIDC-IDRI-LUNA-0003
LIDC-IDRI-LUNA-0004
LIDC-IDRI-LUNA-0005
LIDC-IDRI-LUNA-0006
LIDC-IDRI-LUNA-0007
LIDC-IDRI-LUNA-0008
LIDC-IDRI-LUNA-0009
LIDC-IDRI-LUNA-0010
LIDC-IDRI-LUNA-0011
LIDC-IDRI-LUNA-0012
LIDC-IDRI-LUNA-0013
LIDC-IDRI-LUNA-0014
LIDC-IDRI-LUNA-0015
LIDC-IDRI-LUNA-0016
LIDC-IDRI-LUNA-0017
LIDC-IDRI-LUNA-0018
LIDC-IDRI-LUNA-0019
LIDC-IDRI-LUNA-0020
LIDC-IDRI-LUNA-0021
LIDC-IDRI-LUNA-0022
LIDC-IDRI-LUNA-0023
LIDC-IDRI-LUNA-0024
LIDC-IDRI-LUNA-0025
LIDC-IDRI-LUNA-0026
LIDC-IDRI-LUNA-0027
LIDC-IDRI-LUNA-0028
LIDC-IDRI-LUNA-0029
LIDC-IDRI-LUNA-0030
LIDC-IDRI-LUNA-0031
LIDC-IDRI-LUNA-0032
LIDC-IDRI-LUNA-0033
LIDC-IDRI-LUNA-0034
LIDC-IDRI-LUNA-0035
LIDC-IDRI-LUNA-0036
LIDC-IDRI-LUNA-0037
LIDC-IDRI-LUNA-0038
LIDC-IDRI-LUNA-0039
LIDC-IDRI-LUNA-0040
LIDC-IDRI-LUNA-0041
LIDC-IDRI-LUNA-0042
LIDC-IDRI-LUNA-0043
LIDC-IDRI-LUNA-0044
LIDC-IDRI-LUNA-0045
LIDC-IDRI-LUNA-0046
LIDC-IDRI-LUNA-0047
LIDC-IDRI-LUNA-0048
LIDC-IDRI-LUNA-0049
LIDC-IDRI-LUNA-0050
LIDC-IDRI-LUNA-0051
LIDC-IDRI-LUNA-0052
LIDC-IDRI-LUNA-0053
LIDC-IDRI-LUNA-0054
LIDC-IDRI-LUNA-0055
LIDC-IDRI-LUNA-0056
LIDC-IDRI-LUNA-0057
LIDC-IDRI-LUNA-0058
LIDC-IDRI-LUNA-0059
LIDC-IDRI-LUNA-0060
LIDC-IDRI-LUNA-0061
LIDC-IDRI-LUNA-0062
LIDC-IDRI-LUNA-0063
LIDC-IDRI-LUNA-0064
LIDC-IDRI-LUNA-0065
LIDC-IDRI-LUNA-0066
LIDC-IDRI-LUNA-0067
LIDC-IDRI-LUNA-0068
LIDC-IDRI-LUNA-0069
LIDC-IDRI-LUNA-0070
LIDC-IDRI-LUNA-0071
LIDC-IDRI-LUNA-0072
LIDC-IDRI-LUNA-0073
LIDC-IDRI-LUNA-0074
LIDC-IDRI-LUNA-0075
LIDC-IDRI-LUNA-0076
LIDC-IDRI-LUNA-0077
LIDC-IDRI-LUNA-0078
LIDC-IDRI-LUNA-0079
LIDC-IDRI-LUNA-0080
LIDC-IDRI-LUNA-0081
LIDC-IDRI-LUNA-0082
LIDC-IDRI-LUNA-0083
LIDC-IDRI-LUNA-0084
LIDC-IDRI-LUNA-0085
LIDC-IDRI-LUNA-0086
LIDC-IDRI-LUNA-0087
LIDC-IDRI-LUNA-0088
LIDC-IDRI-LUNA-0089
LIDC-IDRI-LUNA-0090
LIDC-IDRI-LUNA-0091
LIDC-IDRI-LUNA-0092
LIDC-IDRI-LUNA-0093
LIDC-IDRI-LUNA-0094
LIDC-IDRI-LUNA-0095
LIDC-IDRI-LUNA-0096
LIDC-IDRI-LUNA-0097
LIDC-IDRI-LUNA-0098
LIDC-IDRI-LUNA-0099
LIDC-IDRI-LUNA-0100
LIDC-IDRI-LUNA-0101
LIDC-IDRI-LUNA-0102
LIDC-IDRI-LUNA-0103
LIDC-IDRI-LUNA-0104
LIDC-IDRI-LUNA-0105
LIDC-IDRI-LUNA-0106
LIDC-IDRI-LUNA-0107
LIDC-IDRI-LUNA-0108
LIDC-IDRI-LUNA-0109
LIDC-IDRI-LUNA-0110
LIDC-IDRI-LUNA-0111
LIDC-IDRI-LUNA-0112
LIDC-IDRI-LUNA-0113
LIDC-IDRI-LUNA-0114
LIDC-IDRI-LUNA-0115
LIDC-IDRI-LUNA-0116
LIDC-IDRI-LUNA-0117
LIDC-IDRI-LUNA-0118
LIDC-IDRI-LUNA-0119
LIDC-IDRI-LUNA-0120
LIDC-IDRI-LUNA-0121
LIDC-IDRI-LUNA-0122
LIDC-IDRI-LUNA-0123
LIDC-IDRI-LUNA-0124
LIDC-IDRI-LUNA-0125
LIDC-IDRI-LUNA-0126
LIDC-IDRI-LUNA-0127
LIDC-IDRI-LUNA-0128
LIDC-IDRI-LUNA-0129
LIDC-IDRI-LUNA-0130
LIDC-IDRI-LUNA-0131
LIDC-IDRI-LUNA-0132
LIDC-IDRI-LUNA-0133
LIDC-IDRI-LUNA-0134
LIDC-IDRI-LUNA-0135
LIDC-IDRI-LUNA-0136
LIDC-IDRI-LUNA-0137
LIDC-IDRI-LUNA-0138
LIDC-IDRI-LUNA-0139
LIDC-IDRI-LUNA-0140
LIDC-IDRI-LUNA-0141
LIDC-IDRI-LUNA-0142
LIDC-IDRI-LUNA-0143
LIDC-IDRI-LUNA-0144
LIDC-IDRI-LUNA-0145
LIDC-IDRI-LUNA-0146
LIDC-IDRI-LUNA-0147
LIDC-IDRI-LUNA-0148
LIDC-IDRI-LUNA-0149
LIDC-IDRI-LUNA-0150
LIDC-IDRI-LUNA-0151
LIDC-IDRI-LUNA-0152
LIDC-IDRI-LUNA-0153
LIDC-IDRI-LUNA-0154
LIDC-IDRI-LUNA-0155
LIDC-IDRI-LUNA-0156
LIDC-IDRI-LUNA-0157
LIDC-IDRI-LUNA-0158
LIDC-IDRI-LUNA-0159
LIDC-IDRI-LUNA-0160
LIDC-IDRI-LUNA-0161
LIDC-IDRI-LUNA-0162
LIDC-IDRI-LUNA-0163
LIDC-IDRI-LUNA-0164
LIDC-IDRI-LUNA-0165
LIDC-IDRI-LUNA-0166
LIDC-IDRI-LUNA-0167
LIDC-IDRI-LUNA-0168
LIDC-IDRI-LUNA-0169
LIDC-IDRI-LUNA-0170
LIDC-IDRI-LUNA-0171
LIDC-IDRI-LUNA-0172
LIDC-IDRI-LUNA-0173
LIDC-IDRI-LUNA-0174
LIDC-IDRI-LUNA-0175
LIDC-IDRI-LUNA-0176
LIDC-IDRI-LUNA-0177
LIDC-IDRI-LUNA-0178
LIDC-IDRI-LUNA-0179
LIDC-IDRI-LUNA-0180
LIDC-IDRI-LUNA-0181
LIDC-IDRI-LUNA-0182
LIDC-IDRI-LUNA-0183
LIDC-IDRI-LUNA-0184
LIDC-IDRI-LUNA-0185
LIDC-IDRI-LUNA-0186
LIDC-IDRI-LUNA-0187
LIDC-IDRI-LUNA-0188
LIDC-IDRI-LUNA-0189
LIDC-IDRI-LUNA-0190
LIDC-IDRI-LUNA-0191
LIDC-IDRI-LUNA-0192
LIDC-IDRI-LUNA-0193
LIDC-IDRI-LUNA-0194
LIDC-IDRI-LUNA-0195
LIDC-IDRI-LUNA-0196
LIDC-IDRI-LUNA-0197
LIDC-IDRI-LUNA-0198
LIDC-IDRI-LUNA-0199
LIDC-IDRI-LUNA-0200
LIDC-IDRI-LUNA-0201
LIDC-IDRI-LUNA-0202
LIDC-IDRI-LUNA-0203
LIDC-IDRI-LUNA-0204
LIDC-IDRI-LUNA-0205
LIDC-IDRI-LUNA-0206
LIDC-IDRI-LUNA-0207
LIDC-IDRI-LUNA-0208
LIDC-IDRI-LUNA-0209
LIDC-IDRI-LUNA-0210
LIDC-IDRI-LUNA-0211
LIDC-IDRI-LUNA-0212
LIDC-IDRI-LUNA-0213
LIDC-IDRI-LUNA-0214
LIDC-IDRI-LUNA-0215
LIDC-IDRI-LUNA-0216
LIDC-IDRI-LUNA-0217
LIDC-IDRI-LUNA-0218
LIDC-IDRI-LUNA-0219
LIDC-IDRI-LUNA-0220
LIDC-IDRI-LUNA-0221
LIDC-IDRI-LUNA-0222
LIDC-IDRI-LUNA-0223
LIDC-IDRI-LUNA-0224
LIDC-IDRI-LUNA-0225
LIDC-IDRI-LUNA-0226
LIDC-IDRI-LUNA-0227
LIDC-IDRI-LUNA-0228
LIDC-IDRI-LUNA-0229
LIDC-IDRI-LUNA-0230
LIDC-IDRI-LUNA-0231
LIDC-IDRI-LUNA-0232
LIDC-IDRI-LUNA-0233
LIDC-IDRI-LUNA-0234
LIDC-IDRI-LUNA-0235
LIDC-IDRI-LUNA-0236
LIDC-IDRI-LUNA-0237
LIDC-IDRI-LUNA-0238
LIDC-IDRI-LUNA-0239
LIDC-IDRI-LUNA-0240
LIDC-IDRI-LUNA-0241
LIDC-IDRI-LUNA-0242
LIDC-IDRI-LUNA-0243
LIDC-IDRI-LUNA-0244
LIDC-IDRI-LUNA-0245
LIDC-IDRI-LUNA-0246
LIDC-IDRI-LUNA-0247
LIDC-IDRI-LUNA-0248
LIDC-IDRI-LUNA-0249
LIDC-IDRI-LUNA-0250
LIDC-IDRI-LUNA-0251
LIDC-IDRI-LUNA-0252
LIDC-IDRI-LUNA-0253
LIDC-IDRI-LUNA-0254
LIDC-IDRI-LUNA-0255
LIDC-IDRI-LUNA-0256
LIDC-IDRI-LUNA-0257
LIDC-IDRI-LUNA-0258
LIDC-IDRI-LUNA-0259
LIDC-IDRI-LUNA-0260
LIDC-IDRI-LUNA-0261
LIDC-IDRI-LUNA-0262
LIDC-IDRI-LUNA-0263
LIDC-IDRI-LUNA-0264
LIDC-IDRI-LUNA-0265
LIDC-IDRI-LUNA-0266
LIDC-IDRI-LUNA-0267
LIDC-IDRI-LUNA-0268
LIDC-IDRI-LUNA-0269
LIDC-IDRI-LUNA-0270
LIDC-IDRI-LUNA-0271
LIDC-IDRI-LUNA-0272
LIDC-IDRI-LUNA-0273
LIDC-IDRI-LUNA-0274
LIDC-IDRI-LUNA-0275
LIDC-IDRI-LUNA-0276
LIDC-IDRI-LUNA-0277
LIDC-IDRI-LUNA-0278
LIDC-IDRI-LUNA-0279
LIDC-IDRI-LUNA-0280
LIDC-IDRI-LUNA-0281
LIDC-IDRI-LUNA-0282
LIDC-IDRI-LUNA-0283
LIDC-IDRI-LUNA-0284
LIDC-IDRI-LUNA-0285
LIDC-IDRI-LUNA-0286
LIDC-IDRI-LUNA-0287
LIDC-IDRI-LUNA-0288
LIDC-IDRI-LUNA-0289
LIDC-IDRI-LUNA-0290
LIDC-IDRI-LUNA-0291
LIDC-IDRI-LUNA-0292
LIDC-IDRI-LUNA-0293
LIDC-IDRI-LUNA-0294
LIDC-IDRI-LUNA-0295
LIDC-IDRI-LUNA-0296
LIDC-IDRI-LUNA-0297
LIDC-IDRI-LUNA-0298
LIDC-IDRI-LUNA-0299
LIDC-IDRI-LUNA-0300
LIDC-IDRI-LUNA-0301
LIDC-IDRI-LUNA-0302
LIDC-IDRI-LUNA-0303
LIDC-IDRI-LUNA-0304
LIDC-IDRI-LUNA-0305
LIDC-IDRI-LUNA-0306
LIDC-IDRI-LUNA-0307
LIDC-IDRI-LUNA-0308
LIDC-IDRI-LUNA-0309
LIDC-IDRI-LUNA-0310
LIDC-IDRI-LUNA-0311
LIDC-IDRI-LUNA-0312
LIDC-IDRI-LUNA-0313
LIDC-IDRI-LUNA-0314
LIDC-IDRI-LUNA-0315
LIDC-IDRI-LUNA-0316
LIDC-IDRI-LUNA-0317
LIDC-IDRI-LUNA-0318
LIDC-IDRI-LUNA-0319
LIDC-IDRI-LUNA-0320
LIDC-IDRI-LUNA-0321
LIDC-IDRI-LUNA-0322
LIDC-IDRI-LUNA-0323
LIDC-IDRI-LUNA-0324
LIDC-IDRI-LUNA-0325
LIDC-IDRI-LUNA-0326
LIDC-IDRI-LUNA-0327
LIDC-IDRI-LUNA-0328
LIDC-IDRI-LUNA-0329
LIDC-IDRI-LUNA-0330
LIDC-IDRI-LUNA-0331
LIDC-IDRI-LUNA-0332
LIDC-IDRI-LUNA-0333
LIDC-IDRI-LUNA-0334
LIDC-IDRI-LUNA-0335
LIDC-IDRI-LUNA-0336
LIDC-IDRI-LUNA-0337
LIDC-IDRI-LUNA-0338
LIDC-IDRI-LUNA-0339
LIDC-IDRI-LUNA-0340
LIDC-IDRI-LUNA-0341
LIDC-IDRI-LUNA-0342
LIDC-IDRI-LUNA-0343
LIDC-IDRI-LUNA-0344
LIDC-IDRI-LUNA-0345
LIDC-IDRI-LUNA-0346
LIDC-IDRI-LUNA-0347
LIDC-IDRI-LUNA-0348
LIDC-IDRI-LUNA-0349
LIDC-IDRI-LUNA-0350
LIDC-IDRI-LUNA-0351
LIDC-IDRI-LUNA-0352
LIDC-IDRI-LUNA-0353
LIDC-IDRI-LUNA-0354
LIDC-IDRI-LUNA-0355
LIDC-IDRI-LUNA-0356
LIDC-IDRI-LUNA-0357
LIDC-IDRI-LUNA-0358
LIDC-IDRI-LUNA-0359
LIDC-IDRI-LUNA-0360
LIDC-IDRI-LUNA-0361
LIDC-IDRI-LUNA-0362
LIDC-IDRI-LUNA-0363
LIDC-IDRI-LUNA-0364
LIDC-IDRI-LUNA-0365
LIDC-IDRI-LUNA-0366
LIDC-IDRI-LUNA-0367
LIDC-IDRI-LUNA-0368
LIDC-IDRI-LUNA-0369
LIDC-IDRI-LUNA-0370
LIDC-IDRI-LUNA-0371
LIDC-IDRI-LUNA-0372
LIDC-IDRI-LUNA-0373
LIDC-IDRI-LUNA-0374
LIDC-IDRI-LUNA-0375
LIDC-IDRI-LUNA-0376
LIDC-IDRI-LUNA-0377
LIDC-IDRI-LUNA-0378
LIDC-IDRI-LUNA-0379
LIDC-IDRI-LUNA-0380
LIDC-IDRI-LUNA-0381
LIDC-IDRI-LUNA-0382
LIDC-IDRI-LUNA-0383
LIDC-IDRI-LUNA-0384
LIDC-IDRI-LUNA-0385
LIDC-IDRI-LUNA-0386
LIDC-IDRI-LUNA-0387
LIDC-IDRI-LUNA-0388
LIDC-IDRI-LUNA-0389
LIDC-IDRI-LUNA-0390
LIDC-IDRI-LUNA-0391
LIDC-IDRI-LUNA-0392
LIDC-IDRI-LUNA-0393
LIDC-IDRI-LUNA-0394
LIDC-IDRI-LUNA-0395
LIDC-IDRI-LUNA-0396
LIDC-IDRI-LUNA-0397
LIDC-IDRI-LUNA-0398
LIDC-IDRI-LUNA-0399
LIDC-IDRI-LUNA-0400
LIDC-IDRI-LUNA-0401
LIDC-IDRI-LUNA-0402
LIDC-IDRI-LUNA-0403
LIDC-IDRI-LUNA-0404
LIDC-IDRI-LUNA-0405
LIDC-IDRI-LUNA-0406
LIDC-IDRI-LUNA-0407
LIDC-IDRI-LUNA-0408
LIDC-IDRI-LUNA-0409
LIDC-IDRI-LUNA-0410
LIDC-IDRI-LUNA-0411
LIDC-IDRI-LUNA-0412
LIDC-IDRI-LUNA-0413
LIDC-IDRI-LUNA-0414
LIDC-IDRI-LUNA-0415
LIDC-IDRI-LUNA-0416
LIDC-IDRI-LUNA-0417
LIDC-IDRI-LUNA-0418
LIDC-IDRI-LUNA-0419
LIDC-IDRI-LUNA-0420
LIDC-IDRI-LUNA-0421
LIDC-IDRI-LUNA-0422
LIDC-IDRI-LUNA-0423
LIDC-IDRI-LUNA-0424
LIDC-IDRI-LUNA-0425
LIDC-IDRI-LUNA-0426
LIDC-IDRI-LUNA-0427
LIDC-IDRI-LUNA-0428
LIDC-IDRI-LUNA-0429
LIDC-IDRI-LUNA-0430
LIDC-IDRI-LUNA-0431
LIDC-IDRI-LUNA-0432
LIDC-IDRI-LUNA-0433
LIDC-IDRI-LUNA-0434
LIDC-IDRI-LUNA-0435
LIDC-IDRI-LUNA-0436
LIDC-IDRI-LUNA-0437
LIDC-IDRI-LUNA-0438
LIDC-IDRI-LUNA-0439
LIDC-IDRI-LUNA-0440
LIDC-IDRI-LUNA-0441
LIDC-IDRI-LUNA-0442
LIDC-IDRI-LUNA-0443
LIDC-IDRI-LUNA-0444
LIDC-IDRI-LUNA-0445
LIDC-IDRI-LUNA-0446
LIDC-IDRI-LUNA-0447
LIDC-IDRI-LUNA-0448
LIDC-IDRI-LUNA-0449
LIDC-IDRI-LUNA-0450
LIDC-IDRI-LUNA-0451
LIDC-IDRI-LUNA-0452
LIDC-IDRI-LUNA-0453
LIDC-IDRI-LUNA-0454
LIDC-IDRI-LUNA-0455
LIDC-IDRI-LUNA-0456
LIDC-IDRI-LUNA-0457
LIDC-IDRI-LUNA-0458
LIDC-IDRI-LUNA-0459
LIDC-IDRI-LUNA-0460
LIDC-IDRI-LUNA-0461
LIDC-IDRI-LUNA-0462
LIDC-IDRI-LUNA-0463
LIDC-IDRI-LUNA-0464
LIDC-IDRI-LUNA-0465
LIDC-IDRI-LUNA-0466
LIDC-IDRI-LUNA-0467
LIDC-IDRI-LUNA-0468
LIDC-IDRI-LUNA-0469
LIDC-IDRI-LUNA-0470
LIDC-IDRI-LUNA-0471
LIDC-IDRI-LUNA-0472
LIDC-IDRI-LUNA-0473
LIDC-IDRI-LUNA-0474
LIDC-IDRI-LUNA-0475
LIDC-IDRI-LUNA-0476
LIDC-IDRI-LUNA-0477
LIDC-IDRI-LUNA-0478
LIDC-IDRI-LUNA-0479
LIDC-IDRI-LUNA-0480
LIDC-IDRI-LUNA-0481
LIDC-IDRI-LUNA-0482
LIDC-IDRI-LUNA-0483
LIDC-IDRI-LUNA-0484
LIDC-IDRI-LUNA-0485
LIDC-IDRI-LUNA-0486
LIDC-IDRI-LUNA-0487
LIDC-IDRI-LUNA-0488
LIDC-IDRI-LUNA-0489
LIDC-IDRI-LUNA-0490
LIDC-IDRI-LUNA-0491
LIDC-IDRI-LUNA-0492
LIDC-IDRI-LUNA-0493
LIDC-IDRI-LUNA-0494
LIDC-IDRI-LUNA-0495
LIDC-IDRI-LUNA-0496
LIDC-IDRI-LUNA-0497
LIDC-IDRI-LUNA-0498
LIDC-IDRI-LUNA-0499
LIDC-IDRI-LUNA-0500
LIDC-IDRI-LUNA-0501
LIDC-IDRI-LUNA-0502
LIDC-IDRI-LUNA-0503
LIDC-IDRI-LUNA-0504
LIDC-IDRI-LUNA-0505
LIDC-IDRI-LUNA-0506
LIDC-IDRI-LUNA-0507
LIDC-IDRI-LUNA-0508
LIDC-IDRI-LUNA-0509
LIDC-IDRI-LUNA-0510
LIDC-IDRI-LUNA-0511
LIDC-IDRI-LUNA-0512
LIDC-IDRI-LUNA-0513
LIDC-IDRI-LUNA-0514
LIDC-IDRI-LUNA-0515
LIDC-IDRI-LUNA-0516
LIDC-IDRI-LUNA-0517
LIDC-IDRI-LUNA-0518
LIDC-IDRI-LUNA-0519
LIDC-IDRI-LUNA-0520
LIDC-IDRI-LUNA-0521
LIDC-IDRI-LUNA-0522
LIDC-IDRI-LUNA-0523
LIDC-IDRI-LUNA-0524
LIDC-IDRI-LUNA-0525
LIDC-IDRI-LUNA-0526
LIDC-IDRI-LUNA-0527
LIDC-IDRI-LUNA-0528
LIDC-IDRI-LUNA-0529
LIDC-IDRI-LUNA-0530
LIDC-IDRI-LUNA-0531
LIDC-IDRI-LUNA-0532
LIDC-IDRI-LUNA-0533
LIDC-IDRI-LUNA-0534
LIDC-IDRI-LUNA-0535
LIDC-IDRI-LUNA-0536
LIDC-IDRI-LUNA-0537
LIDC-IDRI-LUNA-0538
LIDC-IDRI-LUNA-0539
LIDC-IDRI-LUNA-0540
LIDC-IDRI-LUNA-0541
LIDC-IDRI-LUNA-0542
LIDC-IDRI-LUNA-0543
LIDC-IDRI-LUNA-0544
LIDC-IDRI-LUNA-0545
LIDC-IDRI-LUNA-0546
LIDC-IDRI-LUNA-0547
LIDC-IDRI-LUNA-0548
LIDC-IDRI-LUNA-0549
LIDC-IDRI-LUNA-0550
LIDC-IDRI-LUNA-0551
LIDC-IDRI-LUNA-0552
LIDC-IDRI-LUNA-0553
LIDC-IDRI-LUNA-0554
LIDC-IDRI-LUNA-0555
LIDC-IDRI-LUNA-0556
LIDC-IDRI-LUNA-0557
LIDC-IDRI-LUNA-0558
LIDC-IDRI-LUNA-0559
LIDC-IDRI-LUNA-0560
LIDC-IDRI-LUNA-0561
LIDC-IDRI-LUNA-0562
LIDC-IDRI-LUNA-0563
LIDC-IDRI-LUNA-0564
LIDC-IDRI-LUNA-0565
LIDC-IDRI-LUNA-0566
LIDC-IDRI-LUNA-0567
LIDC-IDRI-LUNA-0568
LIDC-IDRI-LUNA-0569
LIDC-IDRI-LUNA-0570
LIDC-IDRI-LUNA-0571
LIDC-IDRI-LUNA-0572
LIDC-IDRI-LUNA-0573
LIDC-IDRI-LUNA-0574
LIDC-IDRI-LUNA-0575
LIDC-IDRI-LUNA-0576
LIDC-IDRI-LUNA-0577
LIDC-IDRI-LUNA-0578
LIDC-IDRI-LUNA-0579
LIDC-IDRI-LUNA-0580
LIDC-IDRI-LUNA-0581
LIDC-IDRI-LUNA-0582
LIDC-IDRI-LUNA-0583
LIDC-IDRI-LUNA-0584
LIDC-IDRI-LUNA-0585
LIDC-IDRI-LUNA-0586
LIDC-IDRI-LUNA-0587
LIDC-IDRI-LUNA-0588
LIDC-IDRI-LUNA-0589
LIDC-IDRI-LUNA-0590
LIDC-IDRI-LUNA-0591
LIDC-IDRI-LUNA-0592
LIDC-IDRI-LUNA-0593
LIDC-IDRI-LUNA-0594
LIDC-IDRI-LUNA-0595
LIDC-IDRI-LUNA-0596
LIDC-IDRI-LUNA-0597
LIDC-IDRI-LUNA-0598
LIDC-IDRI-LUNA-0599
LIDC-IDRI-LUNA-0600
LIDC-IDRI-LUNA-0601
LIDC-IDRI-LUNA-0602
LIDC-IDRI-LUNA-0603
LIDC-IDRI-LUNA-0604
LIDC-IDRI-LUNA-0605
LIDC-IDRI-LUNA-0606
LIDC-IDRI-LUNA-0607
LIDC-IDRI-LUNA-0608
LIDC-IDRI-LUNA-0609
LIDC-IDRI-LUNA-0610
LIDC-IDRI-LUNA-0611
LIDC-IDRI-LUNA-0612
LIDC-IDRI-LUNA-0613
LIDC-IDRI-LUNA-0614
LIDC-IDRI-LUNA-0615
LIDC-IDRI-LUNA-0616
LIDC-IDRI-LUNA-0617
LIDC-IDRI-LUNA-0618
LIDC-IDRI-LUNA-0619
LIDC-IDRI-LUNA-0620
LIDC-IDRI-LUNA-0621
LIDC-IDRI-LUNA-0622
LIDC-IDRI-LUNA-0623
LIDC-IDRI-LUNA-0624
LIDC-IDRI-LUNA-0625
LIDC-IDRI-LUNA-0626
LIDC-IDRI-LUNA-0627
LIDC-IDRI-LUNA-0628
LIDC-IDRI-LUNA-0629
LIDC-IDRI-LUNA-0630
LIDC-IDRI-LUNA-0631
LIDC-IDRI-LUNA-0632
LIDC-IDRI-LUNA-0633
LIDC-IDRI-LUNA-0634
LIDC-IDRI-LUNA-0635
LIDC-IDRI-LUNA-0636
LIDC-IDRI-LUNA-0637
LIDC-IDRI-LUNA-0638
LIDC-IDRI-LUNA-0639
LIDC-IDRI-LUNA-0640
LIDC-IDRI-LUNA-0641
LIDC-IDRI-LUNA-0642
LIDC-IDRI-LUNA-0643
LIDC-IDRI-LUNA-0644
LIDC-IDRI-LUNA-0645
LIDC-IDRI-LUNA-0646
LIDC-IDRI-LUNA-0647
LIDC-IDRI-LUNA-0648
LIDC-IDRI-LUNA-0649
LIDC-IDRI-LUNA-0650
LIDC-IDRI-LUNA-0651
LIDC-IDRI-LUNA-0652
LIDC-IDRI-LUNA-0653
LIDC-IDRI-LUNA-0654
LIDC-IDRI-LUNA-0655
LIDC-IDRI-LUNA-0656
LIDC-IDRI-LUNA-0657
LIDC-IDRI-LUNA-0658
LIDC-IDRI-LUNA-0659
LIDC-IDRI-LUNA-0660
LIDC-IDRI-LUNA-0661
LIDC-IDRI-LUNA-0662
LIDC-IDRI-LUNA-0663
LIDC-IDRI-LUNA-0664
LIDC-IDRI-LUNA-0665
LIDC-IDRI-LUNA-0666
LIDC-IDRI-LUNA-0667
LIDC-IDRI-LUNA-0668
LIDC-IDRI-LUNA-0669
LIDC-IDRI-LUNA-0670
LIDC-IDRI-LUNA-0671
LIDC-IDRI-LUNA-0672
LIDC-IDRI-LUNA-0673
LIDC-IDRI-LUNA-0674
LIDC-IDRI-LUNA-0675
LIDC-IDRI-LUNA-0676
LIDC-IDRI-LUNA-0677
LIDC-IDRI-LUNA-0678
LIDC-IDRI-LUNA-0679
LIDC-IDRI-LUNA-0680
LIDC-IDRI-LUNA-0681
LIDC-IDRI-LUNA-0682
LIDC-IDRI-LUNA-0683
LIDC-IDRI-LUNA-0684
LIDC-IDRI-LUNA-0685
LIDC-IDRI-LUNA-0686
LIDC-IDRI-LUNA-0687
LIDC-IDRI-LUNA-0688
LIDC-IDRI-LUNA-0689
LIDC-IDRI-LUNA-0690
LIDC-IDRI-LUNA-0691
LIDC-IDRI-LUNA-0692
LIDC-IDRI-LUNA-0693
LIDC-IDRI-LUNA-0694
LIDC-IDRI-LUNA-0695
LIDC-IDRI-LUNA-0696
LIDC-IDRI-LUNA-0697
LIDC-IDRI-LUNA-0698
LIDC-IDRI-LUNA-0699
LIDC-IDRI-LUNA-0700
LIDC-IDRI-LUNA-0701
LIDC-IDRI-LUNA-0702
LIDC-IDRI-LUNA-0703
LIDC-IDRI-LUNA-0704
LIDC-IDRI-LUNA-0705
LIDC-IDRI-LUNA-0706
LIDC-IDRI-LUNA-0707
LIDC-IDRI-LUNA-0708
LIDC-IDRI-LUNA-0709
LIDC-IDRI-LUNA-0710
LIDC-IDRI-LUNA-0711
LIDC-IDRI-LUNA-0712
LIDC-IDRI-LUNA-0713
LIDC-IDRI-LUNA-0714
LIDC-IDRI-LUNA-0715
LIDC-IDRI-LUNA-0716
LIDC-IDRI-LUNA-0717
LIDC-IDRI-LUNA-0718
LIDC-IDRI-LUNA-0719
LIDC-IDRI-LUNA-0720
LIDC-IDRI-LUNA-0721
LIDC-IDRI-LUNA-0722
LIDC-IDRI-LUNA-0723
LIDC-IDRI-LUNA-0724
LIDC-IDRI-LUNA-0725
LIDC-IDRI-LUNA-0726
LIDC-IDRI-LUNA-0727
LIDC-IDRI-LUNA-0728
LIDC-IDRI-LUNA-0729
LIDC-IDRI-LUNA-0730
LIDC-IDRI-LUNA-0731
LIDC-IDRI-LUNA-0732
LIDC-IDRI-LUNA-0733
LIDC-IDRI-LUNA-0734
LIDC-IDRI-LUNA-0735
LIDC-IDRI-LUNA-0736
LIDC-IDRI-LUNA-0737
LIDC-IDRI-LUNA-0738
LIDC-IDRI-LUNA-0739
LIDC-IDRI-LUNA-0740
LIDC-IDRI-LUNA-0741
LIDC-IDRI-LUNA-0742
LIDC-IDRI-LUNA-0743
LIDC-IDRI-LUNA-0744
LIDC-IDRI-LUNA-0745
LIDC-IDRI-LUNA-0746
LIDC-IDRI-LUNA-0747
LIDC-IDRI-LUNA-0748
LIDC-IDRI-LUNA-0749
LIDC-IDRI-LUNA-0750
LIDC-IDRI-LUNA-0751
LIDC-IDRI-LUNA-0752
LIDC-IDRI-LUNA-0753
LIDC-IDRI-LUNA-0754
LIDC-IDRI-LUNA-0755
LIDC-IDRI-LUNA-0756
LIDC-IDRI-LUNA-0757
LIDC-IDRI-LUNA-0758
LIDC-IDRI-LUNA-0759
LIDC-IDRI-LUNA-0760
LIDC-IDRI-LUNA-0761
LIDC-IDRI-LUNA-0762
LIDC-IDRI-LUNA-0763
LIDC-IDRI-LUNA-0764
LIDC-IDRI-LUNA-0765
LIDC-IDRI-LUNA-0766
LIDC-IDRI-LUNA-0767
LIDC-IDRI-LUNA-0768
LIDC-IDRI-LUNA-0769
LIDC-IDRI-LUNA-0770
LIDC-IDRI-LUNA-0771
LIDC-IDRI-LUNA-0772
LIDC-IDRI-LUNA-0773
LIDC-IDRI-LUNA-0774
LIDC-IDRI-LUNA-0775
LIDC-IDRI-LUNA-0776
LIDC-IDRI-LUNA-0777
LIDC-IDRI-LUNA-0778
LIDC-IDRI-LUNA-0779
LIDC-IDRI-LUNA-0780
LIDC-IDRI-LUNA-0781
LIDC-IDRI-LUNA-0782
LIDC-IDRI-LUNA-0783
LIDC-IDRI-LUNA-0784
LIDC-IDRI-LUNA-0785
LIDC-IDRI-LUNA-0786
LIDC-IDRI-LUNA-0787
LIDC-IDRI-LUNA-0788
LIDC-IDRI-LUNA-0789
LIDC-IDRI-LUNA-0790
LIDC-IDRI-LUNA-0791
LIDC-IDRI-LUNA-0792
LIDC-IDRI-LUNA-0793
LIDC-IDRI-LUNA-0794
LIDC-IDRI-LUNA-0795
LIDC-IDRI-LUNA-0796
LIDC-IDRI-LUNA-0797
LIDC-IDRI-LUNA-0798
LIDC-IDRI-LUNA-0799
LIDC-IDRI-LUNA-0800
LIDC-IDRI-LUNA-0801
LIDC-IDRI-LUNA-0802
LIDC-IDRI-LUNA-0803
LIDC-IDRI-LUNA-0804
LIDC-IDRI-LUNA-0805
LIDC-IDRI-LUNA-0806
LIDC-IDRI-LUNA-0807
LIDC-IDRI-LUNA-0808
LIDC-IDRI-LUNA-0809
LIDC-IDRI-LUNA-0810
LIDC-IDRI-LUNA-0811
LIDC-IDRI-LUNA-0812
LIDC-IDRI-LUNA-0813
LIDC-IDRI-LUNA-0814
LIDC-IDRI-LUNA-0815
LIDC-IDRI-LUNA-0816
LIDC-IDRI-LUNA-0817
LIDC-IDRI-LUNA-0818
LIDC-IDRI-LUNA-0819
LIDC-IDRI-LUNA-0820
LIDC-IDRI-LUNA-0821
LIDC-IDRI-LUNA-0822
LIDC-IDRI-LUNA-0823
LIDC-IDRI-LUNA-0824
LIDC-IDRI-LUNA-0825
LIDC-IDRI-LUNA-0826
LIDC-IDRI-LUNA-0827
LIDC-IDRI-LUNA-0828
LIDC-IDRI-LUNA-0829
LIDC-IDRI-LUNA-0830
LIDC-IDRI-LUNA-0831
LIDC-IDRI-LUNA-0832
LIDC-IDRI-LUNA-0833
LIDC-IDRI-LUNA-0834
LIDC-IDRI-LUNA-0835
LIDC-IDRI-LUNA-0836
LIDC-IDRI-LUNA-0837
LIDC-IDRI-LUNA-0838
LIDC-IDRI-LUNA-0839
LIDC-IDRI-LUNA-0840
LIDC-IDRI-LUNA-0841
LIDC-IDRI-LUNA-0842
LIDC-IDRI-LUNA-0843
LIDC-IDRI-LUNA-0844
LIDC-IDRI-LUNA-0845
LIDC-IDRI-LUNA-0846
LIDC-IDRI-LUNA-0847
LIDC-IDRI-LUNA-0848
LIDC-IDRI-LUNA-0849
LIDC-IDRI-LUNA-0850
LIDC-IDRI-LUNA-0851
LIDC-IDRI-LUNA-0852
LIDC-IDRI-LUNA-0853
LIDC-IDRI-LUNA-0854
LIDC-IDRI-LUNA-0855
LIDC-IDRI-LUNA-0856
LIDC-IDRI-LUNA-0857
LIDC-IDRI-LUNA-0858
LIDC-IDRI-LUNA-0859
LIDC-IDRI-LUNA-0860
LIDC-IDRI-LUNA-0861
LIDC-IDRI-LUNA-0862
LIDC-IDRI-LUNA-0863
LIDC-IDRI-LUNA-0864
LIDC-IDRI-LUNA-0865
LIDC-IDRI-LUNA-0866
LIDC-IDRI-LUNA-0867
LIDC-IDRI-LUNA-0868
LIDC-IDRI-LUNA-0869
LIDC-IDRI-LUNA-0870
LIDC-IDRI-LUNA-0871
LIDC-IDRI-LUNA-0872
LIDC-IDRI-LUNA-0873
LIDC-IDRI-LUNA-0874
LIDC-IDRI-LUNA-0875
LIDC-IDRI-LUNA-0876
LIDC-IDRI-LUNA-0877
LIDC-IDRI-LUNA-0878
LIDC-IDRI-LUNA-0879
LIDC-IDRI-LUNA-0880
LIDC-IDRI-LUNA-0881
LIDC-IDRI-LUNA-0882
LIDC-IDRI-LUNA-0883
LIDC-IDRI-LUNA-0884
LIDC-IDRI-LUNA-0885
LIDC-IDRI-LUNA-0886
LIDC-IDRI-LUNA-0887
LIDC-IDRI-LUNA-0888
LIDC-IDRI-LUNA-0889
