sub-verse004
sub-verse005
sub-verse006
sub-verse007
sub-verse008
sub-verse009
sub-verse010
sub-verse011
sub-verse012
sub-verse013
sub-verse014
sub-verse015
sub-verse016
sub-verse018
sub-verse020
sub-verse022
sub-verse023
sub-verse024
sub-verse026
sub-verse029
sub-verse030
sub-verse031
sub-verse032
sub-verse033
sub-verse034
sub-verse036
sub-verse038
sub-verse040
sub-verse041
sub-verse043
sub-verse046
sub-verse047
sub-verse048
sub-verse050
sub-verse051
sub-verse053
sub-verse054
sub-verse055
sub-verse056
sub-verse058
sub-verse059
sub-verse060
sub-verse061
sub-verse063
sub-verse064
sub-verse065
sub-verse066
sub-verse067
sub-verse068
sub-verse070
sub-verse071
sub-verse072
sub-verse073
sub-verse074
sub-verse075
sub-verse076
sub-verse078
sub-verse080
sub-verse081
sub-verse082
sub-verse083
sub-verse085
sub-verse088
sub-verse089
sub-verse091
sub-verse092
sub-verse093
sub-verse095
sub-verse096
sub-verse097
sub-verse100
sub-verse101
sub-verse102
sub-verse104
sub-verse105
sub-verse107
sub-verse108
sub-verse111
sub-verse112
sub-verse113
sub-verse116
sub-verse119
sub-verse122
sub-verse124
sub-verse125
sub-verse127
sub-verse130
sub-verse131
sub-verse133
sub-verse134
sub-verse135
sub-verse137
sub-verse138
sub-verse139
sub-verse141
sub-verse143
sub-verse144
sub-verse145
sub-verse146
sub-verse147
sub-verse149
sub-verse150
sub-verse151
sub-verse152
sub-verse153
sub-verse154
sub-verse205
sub-verse207
sub-verse217
sub-verse221
sub-verse225
sub-verse230
sub-verse236
sub-verse242
sub-verse250
sub-verse252
sub-verse254
sub-verse257
sub-verse260
sub-verse264
sub-verse269
sub-verse271
sub-verse276
sub-verse400_split-verse090
sub-verse400_split-verse155
sub-verse401_split-verse201
sub-verse401_split-verse253
sub-verse402_split-verse202
sub-verse402_split-verse251
sub-verse403_split-verse208
sub-verse403_split-verse255
sub-verse404_split-verse209
sub-verse404_split-verse256
sub-verse405_split-verse212
sub-verse405_split-verse258
sub-verse405_split-verse259
sub-verse406_split-verse214
sub-verse406_split-verse261
sub-verse407_split-verse215
sub-verse407_split-verse262
sub-verse408_split-verse223
sub-verse408_split-verse265
sub-verse409_split-verse226
sub-verse409_split-verse266
sub-verse410_split-verse227
sub-verse410_split-verse267
sub-verse411_split-verse232
sub-verse411_split-verse270
sub-verse412_split-verse235
sub-verse412_split-verse290
sub-verse413_split-verse239
sub-verse413_split-verse272
sub-verse414_split-verse241
sub-verse414_split-verse273
sub-verse415_split-verse243
sub-verse415_split-verse275
sub-verse416_split-verse247
sub-verse416_split-verse279
sub-verse417_split-verse277
sub-verse417_split-verse278
